app/actions/auth.ts(56,69): error TS2769: No overload matches this call.
  Overload 1 of 2, '(values: never, options?: { count?: "exact" | "planned" | "estimated" | undefined; } | undefined): PostgrestFilterBuilder<{ PostgrestVersion: "12"; }, never, never, null, "profiles", never, "POST">', gave the following error.
    Argument of type '{ id: string; role: "senior" | "family" | "volunteer" | "provider"; full_name: string; }' is not assignable to parameter of type 'never'.
  Overload 2 of 2, '(values: never[], options?: { count?: "exact" | "planned" | "estimated" | undefined; defaultToNull?: boolean | undefined; } | undefined): PostgrestFilterBuilder<{ PostgrestVersion: "12"; }, never, never, null, "profiles", never, "POST">', gave the following error.
    Object literal may only specify known properties, and 'id' does not exist in type 'never[]'.
app/actions/auth.ts(70,66): error TS2769: No overload matches this call.
  Overload 1 of 2, '(values: never, options?: { count?: "exact" | "planned" | "estimated" | undefined; } | undefined): PostgrestFilterBuilder<{ PostgrestVersion: "12"; }, never, never, null, "senior_profiles", never, "POST">', gave the following error.
    Argument of type '{ id: string; age: number; city: string | undefined; medical_notes: string | undefined; }' is not assignable to parameter of type 'never'.
  Overload 2 of 2, '(values: never[], options?: { count?: "exact" | "planned" | "estimated" | undefined; defaultToNull?: boolean | undefined; } | undefined): PostgrestFilterBuilder<{ PostgrestVersion: "12"; }, never, never, null, "senior_profiles", never, "POST">', gave the following error.
    Object literal may only specify known properties, and 'id' does not exist in type 'never[]'.
app/actions/auth.ts(78,66): error TS2769: No overload matches this call.
  Overload 1 of 2, '(values: never, options?: { count?: "exact" | "planned" | "estimated" | undefined; } | undefined): PostgrestFilterBuilder<{ PostgrestVersion: "12"; }, never, never, null, "family_profiles", never, "POST">', gave the following error.
    Argument of type '{ id: string; senior_name: string | undefined; relationship: string | undefined; }' is not assignable to parameter of type 'never'.
  Overload 2 of 2, '(values: never[], options?: { count?: "exact" | "planned" | "estimated" | undefined; defaultToNull?: boolean | undefined; } | undefined): PostgrestFilterBuilder<{ PostgrestVersion: "12"; }, never, never, null, "family_profiles", never, "POST">', gave the following error.
    Object literal may only specify known properties, and 'id' does not exist in type 'never[]'.
app/actions/auth.ts(85,69): error TS2769: No overload matches this call.
  Overload 1 of 2, '(values: never, options?: { count?: "exact" | "planned" | "estimated" | undefined; } | undefined): PostgrestFilterBuilder<{ PostgrestVersion: "12"; }, never, never, null, "volunteer_profiles", never, "POST">', gave the following error.
    Argument of type '{ id: string; skills: string | undefined; availability: string | undefined; }' is not assignable to parameter of type 'never'.
  Overload 2 of 2, '(values: never[], options?: { count?: "exact" | "planned" | "estimated" | undefined; defaultToNull?: boolean | undefined; } | undefined): PostgrestFilterBuilder<{ PostgrestVersion: "12"; }, never, never, null, "volunteer_profiles", never, "POST">', gave the following error.
    Object literal may only specify known properties, and 'id' does not exist in type 'never[]'.
app/actions/auth.ts(92,68): error TS2769: No overload matches this call.
  Overload 1 of 2, '(values: never, options?: { count?: "exact" | "planned" | "estimated" | undefined; } | undefined): PostgrestFilterBuilder<{ PostgrestVersion: "12"; }, never, never, null, "provider_profiles", never, "POST">', gave the following error.
    Argument of type '{ id: string; service_type: string | undefined; experience_years: number; }' is not assignable to parameter of type 'never'.
  Overload 2 of 2, '(values: never[], options?: { count?: "exact" | "planned" | "estimated" | undefined; defaultToNull?: boolean | undefined; } | undefined): PostgrestFilterBuilder<{ PostgrestVersion: "12"; }, never, never, null, "provider_profiles", never, "POST">', gave the following error.
    Object literal may only specify known properties, and 'id' does not exist in type 'never[]'.
app/actions/community.ts(21,42): error TS2769: No overload matches this call.
  Overload 1 of 2, '(values: never, options?: { count?: "exact" | "planned" | "estimated" | undefined; } | undefined): PostgrestFilterBuilder<{ PostgrestVersion: "12"; }, never, never, null, "community_posts", never, "POST">', gave the following error.
    Argument of type '{ content: string; user_id: string; }' is not assignable to parameter of type 'never'.
  Overload 2 of 2, '(values: never[], options?: { count?: "exact" | "planned" | "estimated" | undefined; defaultToNull?: boolean | undefined; } | undefined): PostgrestFilterBuilder<{ PostgrestVersion: "12"; }, never, never, null, "community_posts", never, "POST">', gave the following error.
    Object literal may only specify known properties, and 'content' does not exist in type 'never[]'.
app/actions/community.ts(39,42): error TS2769: No overload matches this call.
  Overload 1 of 2, '(values: never, options?: { count?: "exact" | "planned" | "estimated" | undefined; } | undefined): PostgrestFilterBuilder<{ PostgrestVersion: "12"; }, never, never, null, "community_likes", never, "POST">', gave the following error.
    Argument of type '{ post_id: string; user_id: string; }' is not assignable to parameter of type 'never'.
  Overload 2 of 2, '(values: never[], options?: { count?: "exact" | "planned" | "estimated" | undefined; defaultToNull?: boolean | undefined; } | undefined): PostgrestFilterBuilder<{ PostgrestVersion: "12"; }, never, never, null, "community_likes", never, "POST">', gave the following error.
    Object literal may only specify known properties, and 'post_id' does not exist in type 'never[]'.
app/actions/community.ts(59,45): error TS2769: No overload matches this call.
  Overload 1 of 2, '(values: never, options?: { count?: "exact" | "planned" | "estimated" | undefined; } | undefined): PostgrestFilterBuilder<{ PostgrestVersion: "12"; }, never, never, null, "community_comments", never, "POST">', gave the following error.
    Argument of type '{ post_id: string; user_id: string; content: string; }' is not assignable to parameter of type 'never'.
  Overload 2 of 2, '(values: never[], options?: { count?: "exact" | "planned" | "estimated" | undefined; defaultToNull?: boolean | undefined; } | undefined): PostgrestFilterBuilder<{ PostgrestVersion: "12"; }, never, never, null, "community_comments", never, "POST">', gave the following error.
    Object literal may only specify known properties, and 'post_id' does not exist in type 'never[]'.
app/actions/contact.ts(22,61): error TS2769: No overload matches this call.
  Overload 1 of 2, '(values: never, options?: { count?: "exact" | "planned" | "estimated" | undefined; } | undefined): PostgrestFilterBuilder<{ PostgrestVersion: "12"; }, never, never, null, "contact_messages", never, "POST">', gave the following error.
    Argument of type '{ name: string; email: string; phone: string; subject: string; message: string; role: any; user_id: string | null; }' is not assignable to parameter of type 'never'.
  Overload 2 of 2, '(values: never[], options?: { count?: "exact" | "planned" | "estimated" | undefined; defaultToNull?: boolean | undefined; } | undefined): PostgrestFilterBuilder<{ PostgrestVersion: "12"; }, never, never, null, "contact_messages", never, "POST">', gave the following error.
    Object literal may only specify known properties, and 'name' does not exist in type 'never[]'.
app/dashboard/admin/page.tsx(22,16): error TS2339: Property 'role' does not exist on type 'never'.
app/services/community/page.tsx(80,73): error TS2339: Property 'full_name' does not exist on type 'never'.
app/services/community/page.tsx(94,31): error TS2339: Property 'avatar_url' does not exist on type 'never'.
app/services/community/page.tsx(95,41): error TS2339: Property 'avatar_url' does not exist on type 'never'.
app/services/community/page.tsx(97,32): error TS2339: Property 'full_name' does not exist on type 'never'.
app/services/community/page.tsx(100,82): error TS2339: Property 'full_name' does not exist on type 'never'.
app/services/community/page.tsx(101,103): error TS2339: Property 'role' does not exist on type 'never'.
app/services/community/page.tsx(134,31): error TS2339: Property 'id' does not exist on type 'never'.
app/services/community/page.tsx(136,23): error TS2698: Spread types may only be created from object types.
app/services/community/page.tsx(138,38): error TS2339: Property 'profiles' does not exist on type 'never'.
